Initializing ThreadPool with 8 threads...
18
./irp
nb_scenarios_: 30
path: Data/Small/Istanze0105h3/0.dat
isstockout 1
read file done
0
path: Data/Small/Istanze0105h3/0.dat
isstockout 1
read file done
0
path: Data/Small/Istanze0105h3/0.dat
isstockout 1
read file done
0
path: Data/Small/Istanze0105h3/0.dat
isstockout 1
read file done
0
path: Data/Small/Istanze0105h3/0.dat
isstockout 1
read file done
0
path: Data/Small/Istanze0105h3/0.dat
isstockout 1
read file done
0
path: Data/Small/Istanze0105h3/0.dat
isstockout 1
read file done
0
path: Data/Small/Istanze0105h3/0.dat
isstockout 1
read file done
0
path: Data/Small/Istanze0105h3/0.dat
isstockout 1
read file done
0
path: Data/Small/Istanze0105h3/0.dat
isstockout 1
read file done
0
path: Data/Small/Istanze0105h3/0.dat
isstockout 1
read file done
0
path: Data/Small/Istanze0105h3/0.dat
isstockout 1
read file done
0
path: Data/Small/Istanze0105h3/0.dat
isstockout 1
read file done
0
path: Data/Small/Istanze0105h3/0.dat
isstockout 1
read file done
0
path: Data/Small/Istanze0105h3/0.dat
isstockout 1
read file done
0
path: Data/Small/Istanze0105h3/0.dat
isstockout 1
read file done
0
path: Data/Small/Istanze0105h3/0.dat
isstockout 1
read file done
0
path: Data/Small/Istanze0105h3/0.dat
isstockout 1
read file done
0
path: Data/Small/Istanze0105h3/0.dat
isstockout 1
read file done
0
path: Data/Small/Istanze0105h3/0.dat
isstockout 1
read file done
0
path: Data/Small/Istanze0105h3/0.dat
isstockout 1
read file done
0
path: Data/Small/Istanze0105h3/0.dat
isstockout 1
read file done
0
path: Data/Small/Istanze0105h3/0.dat
isstockout 1
read file done
0
path: Data/Small/Istanze0105h3/0.dat
isstockout 1
read file done
0
path: Data/Small/Istanze0105h3/0.dat
isstockout 1
read file done
0
path: Data/Small/Istanze0105h3/0.dat
isstockout 1
read file done
0
path: Data/Small/Istanze0105h3/0.dat
isstockout 1
read file done
0
path: Data/Small/Istanze0105h3/0.dat
isstockout 1
read file done
0
path: Data/Small/Istanze0105h3/0.dat
isstockout 1
read file done
0
path: Data/Small/Istanze0105h3/0.dat
isstockout 1
read file done
0
path: Data/Small/Istanze0105h3/0.dat
isstockout 1
read file done
0
已为所有场景设置客户需求矩阵
init population
new Individu
education
updateNbValides
addIndividu
new Individu
education
updateNbValides
addIndividu
new Individu
education
updateNbValides
addIndividu
new Individu
education
updateNbValides
addIndividu
new Individu
education
updateNbValides
addIndividu
new Individu
education
updateNbValides
addIndividu
new Individu
education
updateNbValides
addIndividu
new Individu
education
updateNbValides
addIndividu
new Individu
education
updateNbValides
addIndividu
new Individu
education
updateNbValides
addIndividu
new Individu
education
updateNbValides
addIndividu
new Individu
education
updateNbValides
addIndividu
new Individu
education
updateNbValides
addIndividu
new Individu
education
updateNbValides
addIndividu
new Individu
education
updateNbValides
addIndividu
new Individu
education
updateNbValides
addIndividu
new Individu
education
updateNbValides
addIndividu
new Individu
education
updateNbValides
addIndividu
new Individu
education
updateNbValides
addIndividu
new Individu
education
updateNbValides
addIndividu
new Individu
education
updateNbValides
addIndividu
new Individu
education
updateNbValides
addIndividu
new Individu
education
updateNbValides
addIndividu
new Individu
education
updateNbValides
addIndividu
create population
create solver
Solver is running...
It 0 | Sol 
7927.24 6147.65 7744.35 6498.09 7972.25 6572.12 7795.41 6419.92 6542.86 5464.41  | 
5851.97 6535.54 7099.75 6116.62 6381.13 5645.47 6536.51 5940.65 6542.86 6342.17 
 | Moy 2.4048138e+09 188684.36 | Div 0 -nan | Val 0.99 1 | Pen 42032.5 0.85 | Pop 22 3
It 1 | Sol 
5851.97 6535.54 7013.29 6116.62 6439.35 5933.46 6997.86 5179.26 6175.89 6119.4  | 
5851.97 6535.54 7099.75 6116.62 6381.13 5645.47 6536.51 5940.65 6542.86 6342.17 
 | Moy 4.0096425e+08 197140.29 | Div 0.12969697 0.64666667 | Val 0.98 1 | Pen 42032.5 0.85 | Pop 23 4
It 2 | Sol 
5885.77 5872.35 6591 6125.72 6233.65 5532.11 6332.07 5821.82 6135.87 5327.75  | 
5851.97 6535.54 7099.75 6116.62 6381.13 5645.47 6536.51 5940.65 6542.86 6342.17 
 | Moy 3.6756554e+08 197140.29 | Div 0.24535354 0.64666667 | Val 0.97 1 | Pen 42032.5 0.85 | Pop 24 5
It 3 | Sol 
5885.77 5872.35 6591 6125.72 6233.65 5532.11 6332.07 5821.82 6135.87 5327.75  | 
5851.97 6535.54 7099.75 6116.62 6381.13 5645.47 6536.51 5940.65 6542.86 6342.17 
 | Moy 3.6756554e+08 199958.94 | Div 0.24535354 0.43111111 | Val 0.96 1 | Pen 42032.5 0.85 | Pop 24 6
It 4 | Sol 
5885.77 5872.35 6591 6125.72 6233.65 5532.11 6332.07 5821.82 6135.87 5327.75  | 
5851.97 6535.54 7099.75 6116.62 6381.13 5645.47 6536.51 5940.65 6542.86 6342.17 
 | Moy 3.3082716e+08 199958.94 | Div 0.37353535 0.43111111 | Val 0.95 1 | Pen 42032.5 0.85 | Pop 25 7
It 5 | Sol 
5415.32 5545.94 6477.78 6125.72 6233.65 4892.71 6332.07 5119.65 5845.04 5403.34  | 
5851.97 6535.54 7099.75 6116.62 6381.13 5645.47 6536.51 5940.65 6542.86 6342.17 
 | Moy 3.0539247e+08 3108770.7 | Div 0.43615385 0.63777778 | Val 0.94 1 | Pen 42032.5 0.85 | Pop 26 8
It 6 | Sol 
5415.32 5545.94 6477.78 6125.72 6233.65 4892.71 6332.07 5119.65 5845.04 5403.34  | 
5851.97 6535.54 7099.75 6116.62 6381.13 5645.47 6536.51 5940.65 6542.86 6342.17 
 | Moy 3.0539247e+08 3108770.7 | Div 0.43615385 0.63777778 | Val 0.93 1 | Pen 42032.5 0.85 | Pop 26 9
It 7 | Sol 
5415.32 5545.94 6477.78 6125.72 6233.65 4892.71 6332.07 5119.65 5845.04 5403.34  | 
5851.97 6535.54 7099.75 6116.62 6381.13 5645.47 6536.51 5940.65 6542.86 6342.17 
 | Moy 3.0539247e+08 6830058.8 | Div 0.43615385 0.68 | Val 0.92 1 | Pen 42032.5 0.85 | Pop 26 10
It 8 | Sol 
5415.32 5545.94 6477.78 6125.72 6233.65 4892.71 6332.07 5119.65 5845.04 5403.34  | 
5851.97 6535.54 7099.75 6116.62 6381.13 5645.47 6536.51 5940.65 6542.86 6342.17 
 | Moy 2.7147993e+08 6830058.8 | Div 0.53068376 0.68 | Val 0.91 1 | Pen 42032.5 0.85 | Pop 27 11
It 9 | Sol 
5415.32 5545.94 6477.78 6125.72 6233.65 4892.71 6332.07 5119.65 5845.04 5403.34  | 
5851.97 6535.54 7099.75 6116.62 6381.13 5645.47 6536.51 5940.65 6542.86 6342.17 
 | Moy 2.7147993e+08 9807041.6 | Div 0.53068376 0.71866667 | Val 0.9 1 | Pen 42032.5 0.85 | Pop 27 12
It 10 | Sol 
5415.32 5545.94 6477.78 6125.72 6233.65 4892.71 6332.07 5119.65 5845.04 5403.34  | 
5240.16 6678.52 6977.72 5948.9 6000.86 5766.51 6450.26 5695.58 5975.58 5630.63 
 | Moy 2.5210144e+08 190437.72 | Div 0.57868132 0.79422222 | Val 0.89 1 | Pen 35727.625 0.7225 | Pop 28 13
It 11 | Sol 
5415.32 5545.94 6477.78 6125.72 6233.65 4892.71 6332.07 5119.65 5845.04 5403.34  | 
5240.16 6678.52 6977.72 5948.9 6000.86 5766.51 6450.26 5695.58 5975.58 5630.63 
 | Moy 2.5210144e+08 191115.4 | Div 0.57868132 0.78984127 | Val 0.88 1 | Pen 35727.625 0.7225 | Pop 28 14
It 12 | Sol 
5415.32 5545.94 6477.78 6125.72 6233.65 4892.71 6332.07 5119.65 5845.04 5403.34  | 
5240.16 6678.52 6977.72 5948.9 6000.86 5766.51 6450.26 5695.58 5975.58 5630.63 
 | Moy 2.2061137e+08 191115.4 | Div 0.64454212 0.78984127 | Val 0.87 1 | Pen 35727.625 0.7225 | Pop 29 15
It 13 | Sol 
5415.32 5545.94 6477.78 6125.72 6233.65 4892.71 6332.07 5119.65 5845.04 5403.34  | 
5240.16 6678.52 6977.72 5948.9 6000.86 5766.51 6450.26 5695.58 5975.58 5630.63 
 | Moy 2.2061137e+08 191856.96 | Div 0.64454212 0.7902381 | Val 0.86 1 | Pen 35727.625 0.7225 | Pop 29 16
Diversification
timeout: the monitored command dumped core
